| doStmtCode.cpp:10:5:15:32 | do (...) ... | This is 'do' statement. |
| doStmtCode.cpp:11:9:13:39 | do (...) ... | This is 'do' statement. |
| doStmtCode.cpp:21:5:23:32 | do (...) ... | This is 'do' statement. |
| doStmtCode.cpp:30:5:32:19 | do (...) ... | This is 'do' statement. |
| doStmtCode.cpp:38:5:40:41 | do (...) ... | This is 'do' statement. |
