| doStmtCode.cpp:8:5:13:32 | do (...) ... | This is 'do' statement. |
| doStmtCode.cpp:9:9:11:36 | do (...) ... | This is 'do' statement. |
| doStmtCode.cpp:19:5:21:32 | do (...) ... | This is 'do' statement. |
| doStmtCode.cpp:28:5:30:19 | do (...) ... | This is 'do' statement. |
| doStmtCode.cpp:36:5:38:41 | do (...) ... | This is 'do' statement. |
